Archive member included because of file (symbol)

c:/winavr-20070525/bin/../lib/gcc/avr/4.1.2/avr5\libgcc.a(_mulsi3.o)
                              ../../RP6lib/RP6base/RP6RobotBaseLib.o (__mulsi3)
c:/winavr-20070525/bin/../lib/gcc/avr/4.1.2/avr5\libgcc.a(_udivmodhi4.o)
                              RP6Base_SerialInterface_01.o (__udivmodhi4)
c:/winavr-20070525/bin/../lib/gcc/avr/4.1.2/avr5\libgcc.a(_divmodhi4.o)
                              ../../RP6lib/RP6base/RP6RobotBaseLib.o (__divmodhi4)
c:/winavr-20070525/bin/../lib/gcc/avr/4.1.2/avr5\libgcc.a(_udivmodsi4.o)
                              ../../RP6lib/RP6base/RP6RobotBaseLib.o (__udivmodsi4)
c:/winavr-20070525/bin/../lib/gcc/avr/4.1.2/avr5\libgcc.a(_exit.o)
                              c:/winavr-20070525/bin/../lib/gcc/avr/4.1.2/../../../../avr/lib/avr5/crtm32.o (exit)
c:/winavr-20070525/bin/../lib/gcc/avr/4.1.2/avr5\libgcc.a(_copy_data.o)
                              RP6Base_SerialInterface_01.o (__do_copy_data)
c:/winavr-20070525/bin/../lib/gcc/avr/4.1.2/avr5\libgcc.a(_clear_bss.o)
                              RP6Base_SerialInterface_01.o (__do_clear_bss)
c:/winavr-20070525/bin/../lib/gcc/avr/4.1.2/../../../../avr/lib/avr5\libc.a(itoa.o)
                              ../../RP6lib/RP6common/RP6uart.o (itoa)
c:/winavr-20070525/bin/../lib/gcc/avr/4.1.2/../../../../avr/lib/avr5\libc.a(strrev.o)
                              c:/winavr-20070525/bin/../lib/gcc/avr/4.1.2/../../../../avr/lib/avr5\libc.a(itoa.o) (strrev)

Allocating common symbols
Common symbol       size              file

bumper_left         0x1               ../../RP6lib/RP6base/RP6RobotBaseLib.o
preStop_R           0x2               ../../RP6lib/RP6base/RP6RobotBaseLib.o
mright_des_speed    0x2               ../../RP6lib/RP6base/RP6RobotBaseLib.o
mleft_des_speed     0x2               ../../RP6lib/RP6base/RP6RobotBaseLib.o
mleft_des_speed_tmp
                    0x2               ../../RP6lib/RP6base/RP6RobotBaseLib.o
uart_status         0x1               ../../RP6lib/RP6common/RP6uart.o
motion_status       0x1               RP6Base_SerialInterface_01.o
sysStatACS          0x1               ../../RP6lib/RP6base/RP6RobotBaseLib.o
ircomm_send         0x1               ../../RP6lib/RP6base/RP6RobotBaseLib.o
overcurrent_error_clear
                    0x1               ../../RP6lib/RP6base/RP6RobotBaseLib.o
distanceToMove_R    0x2               ../../RP6lib/RP6base/RP6RobotBaseLib.o
uart_receive_bytes  0x1               ../../RP6lib/RP6common/RP6uart.o
acs_pulse           0x1               ../../RP6lib/RP6base/RP6RobotBaseLib.o
left_i              0x2               ../../RP6lib/RP6base/RP6RobotBaseLib.o
IRCOMM_RC5_data     0x2               ../../RP6lib/RP6base/RP6RobotBaseLib.o
buffer_pos          0x1               ../../RP6lib/RP6common/RP6uart.o
motor_control       0x1               ../../RP6lib/RP6base/RP6RobotBaseLib.o
leds_on             0x1               ../../RP6lib/RP6base/RP6RobotBaseLib.o
mleft_power         0x2               ../../RP6lib/RP6base/RP6RobotBaseLib.o
mleft_speed         0x2               ../../RP6lib/RP6base/RP6RobotBaseLib.o
preDecelerate_R     0x2               ../../RP6lib/RP6base/RP6RobotBaseLib.o
mright_des_speed_tmp
                    0x2               ../../RP6lib/RP6base/RP6RobotBaseLib.o
adc1                0x2               RP6Base_SerialInterface_01.o
adcLSL              0x2               ../../RP6lib/RP6base/RP6RobotBaseLib.o
acs_timer           0x2               ../../RP6lib/RP6base/RP6RobotBaseLib.o
preStop_L           0x2               ../../RP6lib/RP6base/RP6RobotBaseLib.o
mright_power        0x2               ../../RP6lib/RP6base/RP6RobotBaseLib.o
mright_counter      0x2               ../../RP6lib/RP6base/RP6RobotBaseLib.o
ircomm_data_tmp     0x2               ../../RP6lib/RP6base/RP6RobotBaseLib.o
distanceToMove_L    0x2               ../../RP6lib/RP6base/RP6RobotBaseLib.o
stopwatches         0x11              ../../RP6lib/RP6base/RP6RobotBaseLib.o
overcurrent_timeout
                    0x1               ../../RP6lib/RP6base/RP6RobotBaseLib.o
obstacle_left       0x1               ../../RP6lib/RP6base/RP6RobotBaseLib.o
overcurrent_errors  0x1               ../../RP6lib/RP6base/RP6RobotBaseLib.o
overcurrent_timer   0x1               ../../RP6lib/RP6base/RP6RobotBaseLib.o
statusLEDs          0x1               RP6Base_SerialInterface_01.o
mright_ptmp         0x1               ../../RP6lib/RP6base/RP6RobotBaseLib.o
ircomm_data         0x2               ../../RP6lib/RP6base/RP6RobotBaseLib.o
adcLSR              0x2               ../../RP6lib/RP6base/RP6RobotBaseLib.o
speed_adjust_timer  0x1               ../../RP6lib/RP6base/RP6RobotBaseLib.o
obstacle_right      0x1               ../../RP6lib/RP6base/RP6RobotBaseLib.o
speed_timer         0x1               ../../RP6lib/RP6base/RP6RobotBaseLib.o
right_i             0x2               ../../RP6lib/RP6base/RP6RobotBaseLib.o
bumper_timer        0x1               ../../RP6lib/RP6base/RP6RobotBaseLib.o
mright_dist         0x2               ../../RP6lib/RP6base/RP6RobotBaseLib.o
preDecelerate_L     0x2               ../../RP6lib/RP6base/RP6RobotBaseLib.o
mleft_counter       0x2               ../../RP6lib/RP6base/RP6RobotBaseLib.o
adc0                0x2               RP6Base_SerialInterface_01.o
delay_timer         0x1               ../../RP6lib/RP6base/RP6RobotBaseLib.o
adcMotorCurrentRight
                    0x2               ../../RP6lib/RP6base/RP6RobotBaseLib.o
ms_timer            0x1               ../../RP6lib/RP6base/RP6RobotBaseLib.o
mright_speed        0x2               ../../RP6lib/RP6base/RP6RobotBaseLib.o
mleft_dist          0x2               ../../RP6lib/RP6base/RP6RobotBaseLib.o
bumper_right        0x1               ../../RP6lib/RP6base/RP6RobotBaseLib.o
acs_event_counter   0x1               ../../RP6lib/RP6base/RP6RobotBaseLib.o
receiveBuffer       0x14              RP6Base_SerialInterface_01.o
motion_status_tmp   0x1               ../../RP6lib/RP6base/RP6RobotBaseLib.o
adcBat              0x2               ../../RP6lib/RP6base/RP6RobotBaseLib.o
uart_receive_buffer
                    0x10              ../../RP6lib/RP6common/RP6uart.o
IRCOMM_RC5_data_ok  0x2               ../../RP6lib/RP6base/RP6RobotBaseLib.o
mleft_ptmp          0x1               ../../RP6lib/RP6base/RP6RobotBaseLib.o
adcMotorCurrentLeft
                    0x2               ../../RP6lib/RP6base/RP6RobotBaseLib.o

Discarded input sections

 .stabstr       0x00000000        0x0 c:/winavr-20070525/bin/../lib/gcc/avr/4.1.2/../../../../avr/lib/avr5/crtm32.o

Memory Configuration

Name             Origin             Length             Attributes
text             0x00000000         0x00020000         xr
data             0x00800060         0x0000ffa0         rw !x
eeprom           0x00810000         0x00010000         rw !x
*default*        0x00000000         0xffffffff

Linker script and memory map

LOAD c:/winavr-20070525/bin/../lib/gcc/avr/4.1.2/../../../../avr/lib/avr5/crtm32.o
LOAD RP6Base_SerialInterface_01.o
LOAD ../../RP6lib/RP6base/RP6RobotBaseLib.o
LOAD ../../RP6lib/RP6common/RP6uart.o
LOAD c:/winavr-20070525/bin/../lib/gcc/avr/4.1.2/../../../../avr/lib/avr5\libm.a
LOAD c:/winavr-20070525/bin/../lib/gcc/avr/4.1.2/avr5\libgcc.a
LOAD c:/winavr-20070525/bin/../lib/gcc/avr/4.1.2/../../../../avr/lib/avr5\libc.a
LOAD c:/winavr-20070525/bin/../lib/gcc/avr/4.1.2/avr5\libgcc.a

.hash
 *(.hash)

.dynsym
 *(.dynsym)

.dynstr
 *(.dynstr)

.gnu.version
 *(.gnu.version)

.gnu.version_d
 *(.gnu.version_d)

.gnu.version_r
 *(.gnu.version_r)

.rel.init
 *(.rel.init)

.rela.init
 *(.rela.init)

.rel.text
 *(.rel.text)
 *(.rel.text.*)
 *(.rel.gnu.linkonce.t*)

.rela.text
 *(.rela.text)
 *(.rela.text.*)
 *(.rela.gnu.linkonce.t*)

.rel.fini
 *(.rel.fini)

.rela.fini
 *(.rela.fini)

.rel.rodata
 *(.rel.rodata)
 *(.rel.rodata.*)
 *(.rel.gnu.linkonce.r*)

.rela.rodata
 *(.rela.rodata)
 *(.rela.rodata.*)
 *(.rela.gnu.linkonce.r*)

.rel.data
 *(.rel.data)
 *(.rel.data.*)
 *(.rel.gnu.linkonce.d*)

.rela.data
 *(.rela.data)
 *(.rela.data.*)
 *(.rela.gnu.linkonce.d*)

.rel.ctors
 *(.rel.ctors)

.rela.ctors
 *(.rela.ctors)

.rel.dtors
 *(.rel.dtors)

.rela.dtors
 *(.rela.dtors)

.rel.got
 *(.rel.got)

.rela.got
 *(.rela.got)

.rel.bss
 *(.rel.bss)

.rela.bss
 *(.rela.bss)

.rel.plt
 *(.rel.plt)

.rela.plt
 *(.rela.plt)

.text           0x00000000     0x1ac4
 *(.vectors)
 .vectors       0x00000000       0x54 c:/winavr-20070525/bin/../lib/gcc/avr/4.1.2/../../../../avr/lib/avr5/crtm32.o
                0x00000000                __vectors
                0x00000000                __vector_default
 *(.vectors)
 *(.progmem.gcc*)
 *(.progmem*)
 .progmem.data  0x00000054       0x35 RP6Base_SerialInterface_01.o
 .progmem.data  0x00000089      0x1be ../../RP6lib/RP6base/RP6RobotBaseLib.o
                0x00000248                . = ALIGN (0x2)
 *fill*         0x00000247        0x1 00
                0x00000248                __trampolines_start = .
 *(.trampolines)
 .trampolines   0x00000248        0x0 linker stubs
 *(.trampolines*)
                0x00000248                __trampolines_end = .
 *(.jumptables)
 *(.jumptables*)
 *(.lowtext)
 *(.lowtext*)
                0x00000248                __ctors_start = .
 *(.ctors)
                0x00000248                __ctors_end = .
                0x00000248                __dtors_start = .
 *(.dtors)
                0x00000248                __dtors_end = .
 SORT(*)(.ctors)
 SORT(*)(.dtors)
 *(.init0)
 .init0         0x00000248        0x0 c:/winavr-20070525/bin/../lib/gcc/avr/4.1.2/../../../../avr/lib/avr5/crtm32.o
                0x00000248                __init
 *(.init0)
 *(.init1)
 *(.init1)
 *(.init2)
 .init2         0x00000248        0xc c:/winavr-20070525/bin/../lib/gcc/avr/4.1.2/../../../../avr/lib/avr5/crtm32.o
 *(.init2)
 *(.init3)
 *(.init3)
 *(.init4)
 .init4         0x00000254       0x16 c:/winavr-20070525/bin/../lib/gcc/avr/4.1.2/avr5\libgcc.a(_copy_data.o)
                0x00000254                __do_copy_data
 .init4         0x0000026a       0x10 c:/winavr-20070525/bin/../lib/gcc/avr/4.1.2/avr5\libgcc.a(_clear_bss.o)
                0x0000026a                __do_clear_bss
 *(.init4)
 *(.init5)
 *(.init5)
 *(.init6)
 *(.init6)
 *(.init7)
 *(.init7)
 *(.init8)
 *(.init8)
 *(.init9)
 .init9         0x0000027a        0x8 c:/winavr-20070525/bin/../lib/gcc/avr/4.1.2/../../../../avr/lib/avr5/crtm32.o
 *(.init9)
 *(.text)
 .text          0x00000282        0x4 c:/winavr-20070525/bin/../lib/gcc/avr/4.1.2/../../../../avr/lib/avr5/crtm32.o
                0x00000282                __vector_12
                0x00000282                __bad_interrupt
                0x00000282                __vector_6
                0x00000282                __vector_11
                0x00000282                __vector_17
                0x00000282                __vector_19
                0x00000282                __vector_7
                0x00000282                __vector_5
                0x00000282                __vector_9
                0x00000282                __vector_15
                0x00000282                __vector_8
                0x00000282                __vector_14
                0x00000282                __vector_16
                0x00000282                __vector_18
                0x00000282                __vector_20
 .text          0x00000286      0x150 RP6Base_SerialInterface_01.o
                0x000003ac                bumpersStateChanged
                0x00000286                main
 .text          0x000003d6     0x13d0 ../../RP6lib/RP6base/RP6RobotBaseLib.o
                0x000003d6                enablePowerOnWarning
                0x00001788                mSleep
                0x000005b0                __vector_1
                0x000006e2                setMotorPower
                0x0000046e                getBumperRight
                0x00000630                MOTIONCONTROL_stateChanged_DUMMY
                0x00000886                IRCOMM_RC5dataReady_DUMMY
                0x000003e4                disablePowerOnWarning
                0x00000448                setLEDs
                0x00001696                rotate
                0x0000070a                setMotorDir
                0x00000f56                extIntON
                0x00000b78                powerOFF
                0x00000f36                sleep
                0x00000838                __vector_3
                0x000003ec                updateStatusLEDs
                0x00000f46                delayCycles
                0x00000730                IRCOMM_sendRC5
                0x00000b04                disableACS
                0x0000048c                BUMPERS_setStateChangedHandler
                0x00000b52                setACSPwrMed
                0x00000888                IRCOMM_setRC5DataReadyHandler
                0x00000894                ACS_setStateChangedHandler
                0x000004d6                readADC
                0x00001576                move
                0x00000452                getBumperLeft
                0x0000089e                task_ACS
                0x0000063c                moveAtSpeed
                0x00000660                changeDirection
                0x00000b5c                setACSPwrHigh
                0x00000b3a                setACSPwrOff
                0x00000b48                setACSPwrLow
                0x00000fee                emergencyShutdown
                0x00000496                task_Bumpers
                0x00001564                task_RP6System
                0x00000892                ACS_stateChanged_DUMMY
                0x00000774                __vector_4
                0x00000b1e                enableACS
                0x000005f0                __vector_2
                0x00000f5c                extIntOFF
                0x000004f4                startADC
                0x00000b66                powerON
                0x00000632                MOTIONCONTROL_setStateChangedHandler
                0x000010da                task_motionControl
                0x00000f62                initRobotBase
                0x0000048a                BUMPERS_stateChanged_DUMMY
                0x00000ba4                __vector_10
                0x000006a8                stop
                0x00000694                isMovementComplete
                0x000004fe                task_ADC
 .text          0x000017a6      0x1ea ../../RP6lib/RP6common/RP6uart.o
                0x000017ae                writeString
                0x000018f8                writeIntegerLength
                0x0000185c                waitUntilReceptionComplete
                0x000017e0                __vector_13
                0x000018a0                writeInteger
                0x00001894                stopReception
                0x0000184e                receiveBytes
                0x000017a6                writeChar
                0x000017c2                writeStringLength
                0x000018e4                writeNStringP
                0x00001866                copyReceivedBytesToBuffer
                0x00001974                receiveBytesToBuffer
 .text          0x00001990        0x0 c:/winavr-20070525/bin/../lib/gcc/avr/4.1.2/avr5\libgcc.a(_mulsi3.o)
 .text          0x00001990        0x0 c:/winavr-20070525/bin/../lib/gcc/avr/4.1.2/avr5\libgcc.a(_udivmodhi4.o)
 .text          0x00001990        0x0 c:/winavr-20070525/bin/../lib/gcc/avr/4.1.2/avr5\libgcc.a(_divmodhi4.o)
 .text          0x00001990        0x0 c:/winavr-20070525/bin/../lib/gcc/avr/4.1.2/avr5\libgcc.a(_udivmodsi4.o)
 .text          0x00001990        0x0 c:/winavr-20070525/bin/../lib/gcc/avr/4.1.2/avr5\libgcc.a(_exit.o)
 .text          0x00001990        0x0 c:/winavr-20070525/bin/../lib/gcc/avr/4.1.2/avr5\libgcc.a(_copy_data.o)
 .text          0x00001990        0x0 c:/winavr-20070525/bin/../lib/gcc/avr/4.1.2/avr5\libgcc.a(_clear_bss.o)
 .text          0x00001990       0x42 c:/winavr-20070525/bin/../lib/gcc/avr/4.1.2/../../../../avr/lib/avr5\libc.a(itoa.o)
                0x00001990                itoa
 .text          0x000019d2       0x20 c:/winavr-20070525/bin/../lib/gcc/avr/4.1.2/../../../../avr/lib/avr5\libc.a(strrev.o)
                0x000019d2                strrev
                0x000019f2                . = ALIGN (0x2)
 *(.text.*)
 .text.libgcc   0x000019f2       0x3e c:/winavr-20070525/bin/../lib/gcc/avr/4.1.2/avr5\libgcc.a(_mulsi3.o)
                0x000019f2                __mulsi3
 .text.libgcc   0x00001a30       0x28 c:/winavr-20070525/bin/../lib/gcc/avr/4.1.2/avr5\libgcc.a(_udivmodhi4.o)
                0x00001a30                __udivmodhi4
 .text.libgcc   0x00001a58       0x26 c:/winavr-20070525/bin/../lib/gcc/avr/4.1.2/avr5\libgcc.a(_divmodhi4.o)
                0x00001a58                __divmodhi4
                0x00001a58                _div
 .text.libgcc   0x00001a7e       0x44 c:/winavr-20070525/bin/../lib/gcc/avr/4.1.2/avr5\libgcc.a(_udivmodsi4.o)
                0x00001a7e                __udivmodsi4
 .text.libgcc   0x00001ac2        0x0 c:/winavr-20070525/bin/../lib/gcc/avr/4.1.2/avr5\libgcc.a(_exit.o)
 .text.libgcc   0x00001ac2        0x0 c:/winavr-20070525/bin/../lib/gcc/avr/4.1.2/avr5\libgcc.a(_copy_data.o)
 .text.libgcc   0x00001ac2        0x0 c:/winavr-20070525/bin/../lib/gcc/avr/4.1.2/avr5\libgcc.a(_clear_bss.o)
                0x00001ac2                . = ALIGN (0x2)
 *(.fini9)
 .fini9         0x00001ac2        0x0 c:/winavr-20070525/bin/../lib/gcc/avr/4.1.2/avr5\libgcc.a(_exit.o)
                0x00001ac2                exit
                0x00001ac2                _exit
 *(.fini9)
 *(.fini8)
 *(.fini8)
 *(.fini7)
 *(.fini7)
 *(.fini6)
 *(.fini6)
 *(.fini5)
 *(.fini5)
 *(.fini4)
 *(.fini4)
 *(.fini3)
 *(.fini3)
 *(.fini2)
 *(.fini2)
 *(.fini1)
 *(.fini1)
 *(.fini0)
 .fini0         0x00001ac2        0x2 c:/winavr-20070525/bin/../lib/gcc/avr/4.1.2/avr5\libgcc.a(_exit.o)
 *(.fini0)
                0x00001ac4                _etext = .

.data           0x00800060        0xa load address 0x00001ac4
                0x00800060                PROVIDE (__data_start, .)
 *(.data)
 .data          0x00800060        0x0 c:/winavr-20070525/bin/../lib/gcc/avr/4.1.2/../../../../avr/lib/avr5/crtm32.o
 .data          0x00800060        0x1 RP6Base_SerialInterface_01.o
                0x00800060                bytesToReceive
 .data          0x00800061        0x9 ../../RP6lib/RP6base/RP6RobotBaseLib.o
                0x00800061                acs_state
 .data          0x0080006a        0x0 ../../RP6lib/RP6common/RP6uart.o
 .data          0x0080006a        0x0 c:/winavr-20070525/bin/../lib/gcc/avr/4.1.2/avr5\libgcc.a(_mulsi3.o)
 .data          0x0080006a        0x0 c:/winavr-20070525/bin/../lib/gcc/avr/4.1.2/avr5\libgcc.a(_udivmodhi4.o)
 .data          0x0080006a        0x0 c:/winavr-20070525/bin/../lib/gcc/avr/4.1.2/avr5\libgcc.a(_divmodhi4.o)
 .data          0x0080006a        0x0 c:/winavr-20070525/bin/../lib/gcc/avr/4.1.2/avr5\libgcc.a(_udivmodsi4.o)
 .data          0x0080006a        0x0 c:/winavr-20070525/bin/../lib/gcc/avr/4.1.2/avr5\libgcc.a(_exit.o)
 .data          0x0080006a        0x0 c:/winavr-20070525/bin/../lib/gcc/avr/4.1.2/avr5\libgcc.a(_copy_data.o)
 .data          0x0080006a        0x0 c:/winavr-20070525/bin/../lib/gcc/avr/4.1.2/avr5\libgcc.a(_clear_bss.o)
 .data          0x0080006a        0x0 c:/winavr-20070525/bin/../lib/gcc/avr/4.1.2/../../../../avr/lib/avr5\libc.a(itoa.o)
 .data          0x0080006a        0x0 c:/winavr-20070525/bin/../lib/gcc/avr/4.1.2/../../../../avr/lib/avr5\libc.a(strrev.o)
 *(.data*)
 *(.rodata)
 *(.rodata*)
 *(.gnu.linkonce.d*)
                0x0080006a                . = ALIGN (0x2)
                0x0080006a                _edata = .
                0x0080006a                PROVIDE (__data_end, .)

.bss            0x0080006a       0xa8
                0x0080006a                PROVIDE (__bss_start, .)
 *(.bss)
 .bss           0x0080006a        0x0 c:/winavr-20070525/bin/../lib/gcc/avr/4.1.2/../../../../avr/lib/avr5/crtm32.o
 .bss           0x0080006a        0x6 RP6Base_SerialInterface_01.o
                0x0080006c                distance
                0x0080006a                compteur
                0x0080006e                var
 .bss           0x00800070       0x12 ../../RP6lib/RP6base/RP6RobotBaseLib.o
                0x00800070                mleft_des_dir
                0x00800074                drive_dir
                0x00800071                mright_des_dir
                0x00800073                mright_dir
                0x00800072                mleft_dir
 .bss           0x00800082        0x0 ../../RP6lib/RP6common/RP6uart.o
 .bss           0x00800082        0x0 c:/winavr-20070525/bin/../lib/gcc/avr/4.1.2/avr5\libgcc.a(_mulsi3.o)
 .bss           0x00800082        0x0 c:/winavr-20070525/bin/../lib/gcc/avr/4.1.2/avr5\libgcc.a(_udivmodhi4.o)
 .bss           0x00800082        0x0 c:/winavr-20070525/bin/../lib/gcc/avr/4.1.2/avr5\libgcc.a(_divmodhi4.o)
 .bss           0x00800082        0x0 c:/winavr-20070525/bin/../lib/gcc/avr/4.1.2/avr5\libgcc.a(_udivmodsi4.o)
 .bss           0x00800082        0x0 c:/winavr-20070525/bin/../lib/gcc/avr/4.1.2/avr5\libgcc.a(_exit.o)
 .bss           0x00800082        0x0 c:/winavr-20070525/bin/../lib/gcc/avr/4.1.2/avr5\libgcc.a(_copy_data.o)
 .bss           0x00800082        0x0 c:/winavr-20070525/bin/../lib/gcc/avr/4.1.2/avr5\libgcc.a(_clear_bss.o)
 .bss           0x00800082        0x0 c:/winavr-20070525/bin/../lib/gcc/avr/4.1.2/../../../../avr/lib/avr5\libc.a(itoa.o)
 .bss           0x00800082        0x0 c:/winavr-20070525/bin/../lib/gcc/avr/4.1.2/../../../../avr/lib/avr5\libc.a(strrev.o)
 *(.bss*)
 *(COMMON)
 COMMON         0x00800082       0x1a RP6Base_SerialInterface_01.o
                0x00800082                motion_status
                0x00800083                adc1
                0x00800085                statusLEDs
                0x00800086                adc0
                0x00800088                receiveBuffer
 COMMON         0x0080009c       0x63 ../../RP6lib/RP6base/RP6RobotBaseLib.o
                0x0080009c                bumper_left
                0x0080009d                preStop_R
                0x0080009f                mright_des_speed
                0x008000a1                mleft_des_speed
                0x008000a3                mleft_des_speed_tmp
                0x008000a5                sysStatACS
                0x008000a6                ircomm_send
                0x008000a7                overcurrent_error_clear
                0x008000a8                distanceToMove_R
                0x008000aa                acs_pulse
                0x008000ab                left_i
                0x008000ad                IRCOMM_RC5_data
                0x008000af                motor_control
                0x008000b0                leds_on
                0x008000b1                mleft_power
                0x008000b3                mleft_speed
                0x008000b5                preDecelerate_R
                0x008000b7                mright_des_speed_tmp
                0x008000b9                adcLSL
                0x008000bb                acs_timer
                0x008000bd                preStop_L
                0x008000bf                mright_power
                0x008000c1                mright_counter
                0x008000c3                ircomm_data_tmp
                0x008000c5                distanceToMove_L
                0x008000c7                stopwatches
                0x008000d8                overcurrent_timeout
                0x008000d9                obstacle_left
                0x008000da                overcurrent_errors
                0x008000db                overcurrent_timer
                0x008000dc                mright_ptmp
                0x008000dd                ircomm_data
                0x008000df                adcLSR
                0x008000e1                speed_adjust_timer
                0x008000e2                obstacle_right
                0x008000e3                speed_timer
                0x008000e4                right_i
                0x008000e6                bumper_timer
                0x008000e7                mright_dist
                0x008000e9                preDecelerate_L
                0x008000eb                mleft_counter
                0x008000ed                delay_timer
                0x008000ee                adcMotorCurrentRight
                0x008000f0                ms_timer
                0x008000f1                mright_speed
                0x008000f3                mleft_dist
                0x008000f5                bumper_right
                0x008000f6                acs_event_counter
                0x008000f7                motion_status_tmp
                0x008000f8                adcBat
                0x008000fa                IRCOMM_RC5_data_ok
                0x008000fc                mleft_ptmp
                0x008000fd                adcMotorCurrentLeft
 COMMON         0x008000ff       0x13 ../../RP6lib/RP6common/RP6uart.o
                0x008000ff                uart_status
                0x00800100                uart_receive_bytes
                0x00800101                buffer_pos
                0x00800102                uart_receive_buffer
                0x00800112                PROVIDE (__bss_end, .)
                0x00001ac4                __data_load_start = LOADADDR (.data)
                0x00001ace                __data_load_end = (__data_load_start + SIZEOF (.data))

.noinit         0x00800112        0x0
                0x00800112                PROVIDE (__noinit_start, .)
 *(.noinit*)
                0x00800112                PROVIDE (__noinit_end, .)
                0x00800112                _end = .
                0x00800112                PROVIDE (__heap_start, .)

.eeprom         0x00810000        0x0
 *(.eeprom*)
                0x00810000                __eeprom_end = .

.stab           0x00000000      0x378
 *(.stab)
 .stab          0x00000000      0x378 c:/winavr-20070525/bin/../lib/gcc/avr/4.1.2/../../../../avr/lib/avr5/crtm32.o

.stabstr        0x00000000       0x71
 *(.stabstr)
 .stabstr       0x00000000       0x71 c:/winavr-20070525/bin/../lib/gcc/avr/4.1.2/../../../../avr/lib/avr5/crtm32.o

.stab.excl
 *(.stab.excl)

.stab.exclstr
 *(.stab.exclstr)

.stab.index
 *(.stab.index)

.stab.indexstr
 *(.stab.indexstr)

.comment
 *(.comment)

.debug
 *(.debug)

.line
 *(.line)

.debug_srcinfo
 *(.debug_srcinfo)

.debug_sfnames
 *(.debug_sfnames)

.debug_aranges  0x00000000       0x60
 *(.debug_aranges)
 .debug_aranges
                0x00000000       0x20 RP6Base_SerialInterface_01.o
 .debug_aranges
                0x00000020       0x20 ../../RP6lib/RP6base/RP6RobotBaseLib.o
 .debug_aranges
                0x00000040       0x20 ../../RP6lib/RP6common/RP6uart.o

.debug_pubnames
                0x00000000      0xa0a
 *(.debug_pubnames)
 .debug_pubnames
                0x00000000       0xad RP6Base_SerialInterface_01.o
 .debug_pubnames
                0x000000ad      0x806 ../../RP6lib/RP6base/RP6RobotBaseLib.o
 .debug_pubnames
                0x000008b3      0x157 ../../RP6lib/RP6common/RP6uart.o

.debug_info     0x00000000     0x1d2f
 *(.debug_info)
 .debug_info    0x00000000      0x46f RP6Base_SerialInterface_01.o
 .debug_info    0x0000046f     0x144f ../../RP6lib/RP6base/RP6RobotBaseLib.o
 .debug_info    0x000018be      0x471 ../../RP6lib/RP6common/RP6uart.o
 *(.gnu.linkonce.wi.*)

.debug_abbrev   0x00000000      0x647
 *(.debug_abbrev)
 .debug_abbrev  0x00000000      0x137 RP6Base_SerialInterface_01.o
 .debug_abbrev  0x00000137      0x344 ../../RP6lib/RP6base/RP6RobotBaseLib.o
 .debug_abbrev  0x0000047b      0x1cc ../../RP6lib/RP6common/RP6uart.o

.debug_line     0x00000000     0x198c
 *(.debug_line)
 .debug_line    0x00000000      0x26e RP6Base_SerialInterface_01.o
 .debug_line    0x0000026e     0x1443 ../../RP6lib/RP6base/RP6RobotBaseLib.o
 .debug_line    0x000016b1      0x2db ../../RP6lib/RP6common/RP6uart.o

.debug_frame    0x00000000      0x430
 *(.debug_frame)
 .debug_frame   0x00000000       0x30 RP6Base_SerialInterface_01.o
 .debug_frame   0x00000030      0x330 ../../RP6lib/RP6base/RP6RobotBaseLib.o
 .debug_frame   0x00000360       0xd0 ../../RP6lib/RP6common/RP6uart.o

.debug_str      0x00000000      0xba3
 *(.debug_str)
 .debug_str     0x00000000      0x221 RP6Base_SerialInterface_01.o
                                0x281 (size before relaxing)
 .debug_str     0x00000221      0x812 ../../RP6lib/RP6base/RP6RobotBaseLib.o
                                0xa7e (size before relaxing)
 .debug_str     0x00000a33      0x170 ../../RP6lib/RP6common/RP6uart.o
                                0x29e (size before relaxing)

.debug_loc      0x00000000      0x471
 *(.debug_loc)
 .debug_loc     0x00000000      0x2f3 ../../RP6lib/RP6base/RP6RobotBaseLib.o
 .debug_loc     0x000002f3      0x17e ../../RP6lib/RP6common/RP6uart.o

.debug_macinfo
 *(.debug_macinfo)
OUTPUT(RP6Base_SerialInterface_01.elf elf32-avr)
LOAD linker stubs

.debug_ranges   0x00000000       0x30
 .debug_ranges  0x00000000       0x30 ../../RP6lib/RP6common/RP6uart.o

Cross Reference Table

Symbol                                            File
ACS_setStateChangedHandler                        ../../RP6lib/RP6base/RP6RobotBaseLib.o
ACS_stateChanged_DUMMY                            ../../RP6lib/RP6base/RP6RobotBaseLib.o
BUMPERS_setStateChangedHandler                    ../../RP6lib/RP6base/RP6RobotBaseLib.o
                                                  RP6Base_SerialInterface_01.o
BUMPERS_stateChanged_DUMMY                        ../../RP6lib/RP6base/RP6RobotBaseLib.o
IRCOMM_RC5_data                                   ../../RP6lib/RP6base/RP6RobotBaseLib.o
IRCOMM_RC5_data_ok                                ../../RP6lib/RP6base/RP6RobotBaseLib.o
IRCOMM_RC5dataReady_DUMMY                         ../../RP6lib/RP6base/RP6RobotBaseLib.o
IRCOMM_sendRC5                                    ../../RP6lib/RP6base/RP6RobotBaseLib.o
IRCOMM_setRC5DataReadyHandler                     ../../RP6lib/RP6base/RP6RobotBaseLib.o
MOTIONCONTROL_setStateChangedHandler              ../../RP6lib/RP6base/RP6RobotBaseLib.o
MOTIONCONTROL_stateChanged_DUMMY                  ../../RP6lib/RP6base/RP6RobotBaseLib.o
__bad_interrupt                                   c:/winavr-20070525/bin/../lib/gcc/avr/4.1.2/../../../../avr/lib/avr5/crtm32.o
__bss_end                                         c:/winavr-20070525/bin/../lib/gcc/avr/4.1.2/avr5\libgcc.a(_clear_bss.o)
__bss_start                                       c:/winavr-20070525/bin/../lib/gcc/avr/4.1.2/avr5\libgcc.a(_clear_bss.o)
__data_end                                        c:/winavr-20070525/bin/../lib/gcc/avr/4.1.2/avr5\libgcc.a(_copy_data.o)
__data_load_start                                 c:/winavr-20070525/bin/../lib/gcc/avr/4.1.2/avr5\libgcc.a(_copy_data.o)
__data_start                                      c:/winavr-20070525/bin/../lib/gcc/avr/4.1.2/avr5\libgcc.a(_copy_data.o)
__divmodhi4                                       c:/winavr-20070525/bin/../lib/gcc/avr/4.1.2/avr5\libgcc.a(_divmodhi4.o)
                                                  ../../RP6lib/RP6base/RP6RobotBaseLib.o
__do_clear_bss                                    c:/winavr-20070525/bin/../lib/gcc/avr/4.1.2/avr5\libgcc.a(_clear_bss.o)
                                                  ../../RP6lib/RP6common/RP6uart.o
                                                  ../../RP6lib/RP6base/RP6RobotBaseLib.o
                                                  RP6Base_SerialInterface_01.o
__do_copy_data                                    c:/winavr-20070525/bin/../lib/gcc/avr/4.1.2/avr5\libgcc.a(_copy_data.o)
                                                  ../../RP6lib/RP6common/RP6uart.o
                                                  ../../RP6lib/RP6base/RP6RobotBaseLib.o
                                                  RP6Base_SerialInterface_01.o
__heap_end                                        c:/winavr-20070525/bin/../lib/gcc/avr/4.1.2/../../../../avr/lib/avr5/crtm32.o
__init                                            c:/winavr-20070525/bin/../lib/gcc/avr/4.1.2/../../../../avr/lib/avr5/crtm32.o
__mulsi3                                          c:/winavr-20070525/bin/../lib/gcc/avr/4.1.2/avr5\libgcc.a(_mulsi3.o)
                                                  ../../RP6lib/RP6base/RP6RobotBaseLib.o
__stack                                           c:/winavr-20070525/bin/../lib/gcc/avr/4.1.2/../../../../avr/lib/avr5/crtm32.o
__udivmodhi4                                      c:/winavr-20070525/bin/../lib/gcc/avr/4.1.2/avr5\libgcc.a(_udivmodhi4.o)
                                                  c:/winavr-20070525/bin/../lib/gcc/avr/4.1.2/../../../../avr/lib/avr5\libc.a(itoa.o)
                                                  c:/winavr-20070525/bin/../lib/gcc/avr/4.1.2/avr5\libgcc.a(_divmodhi4.o)
                                                  ../../RP6lib/RP6base/RP6RobotBaseLib.o
                                                  RP6Base_SerialInterface_01.o
__udivmodsi4                                      c:/winavr-20070525/bin/../lib/gcc/avr/4.1.2/avr5\libgcc.a(_udivmodsi4.o)
                                                  ../../RP6lib/RP6base/RP6RobotBaseLib.o
__vector_1                                        ../../RP6lib/RP6base/RP6RobotBaseLib.o
                                                  c:/winavr-20070525/bin/../lib/gcc/avr/4.1.2/../../../../avr/lib/avr5/crtm32.o
__vector_10                                       ../../RP6lib/RP6base/RP6RobotBaseLib.o
                                                  c:/winavr-20070525/bin/../lib/gcc/avr/4.1.2/../../../../avr/lib/avr5/crtm32.o
__vector_11                                       c:/winavr-20070525/bin/../lib/gcc/avr/4.1.2/../../../../avr/lib/avr5/crtm32.o
__vector_12                                       c:/winavr-20070525/bin/../lib/gcc/avr/4.1.2/../../../../avr/lib/avr5/crtm32.o
__vector_13                                       ../../RP6lib/RP6common/RP6uart.o
                                                  c:/winavr-20070525/bin/../lib/gcc/avr/4.1.2/../../../../avr/lib/avr5/crtm32.o
__vector_14                                       c:/winavr-20070525/bin/../lib/gcc/avr/4.1.2/../../../../avr/lib/avr5/crtm32.o
__vector_15                                       c:/winavr-20070525/bin/../lib/gcc/avr/4.1.2/../../../../avr/lib/avr5/crtm32.o
__vector_16                                       c:/winavr-20070525/bin/../lib/gcc/avr/4.1.2/../../../../avr/lib/avr5/crtm32.o
__vector_17                                       c:/winavr-20070525/bin/../lib/gcc/avr/4.1.2/../../../../avr/lib/avr5/crtm32.o
__vector_18                                       c:/winavr-20070525/bin/../lib/gcc/avr/4.1.2/../../../../avr/lib/avr5/crtm32.o
__vector_19                                       c:/winavr-20070525/bin/../lib/gcc/avr/4.1.2/../../../../avr/lib/avr5/crtm32.o
__vector_2                                        ../../RP6lib/RP6base/RP6RobotBaseLib.o
                                                  c:/winavr-20070525/bin/../lib/gcc/avr/4.1.2/../../../../avr/lib/avr5/crtm32.o
__vector_20                                       c:/winavr-20070525/bin/../lib/gcc/avr/4.1.2/../../../../avr/lib/avr5/crtm32.o
__vector_3                                        ../../RP6lib/RP6base/RP6RobotBaseLib.o
                                                  c:/winavr-20070525/bin/../lib/gcc/avr/4.1.2/../../../../avr/lib/avr5/crtm32.o
__vector_4                                        ../../RP6lib/RP6base/RP6RobotBaseLib.o
                                                  c:/winavr-20070525/bin/../lib/gcc/avr/4.1.2/../../../../avr/lib/avr5/crtm32.o
__vector_5                                        c:/winavr-20070525/bin/../lib/gcc/avr/4.1.2/../../../../avr/lib/avr5/crtm32.o
__vector_6                                        c:/winavr-20070525/bin/../lib/gcc/avr/4.1.2/../../../../avr/lib/avr5/crtm32.o
__vector_7                                        c:/winavr-20070525/bin/../lib/gcc/avr/4.1.2/../../../../avr/lib/avr5/crtm32.o
__vector_8                                        c:/winavr-20070525/bin/../lib/gcc/avr/4.1.2/../../../../avr/lib/avr5/crtm32.o
__vector_9                                        c:/winavr-20070525/bin/../lib/gcc/avr/4.1.2/../../../../avr/lib/avr5/crtm32.o
__vector_default                                  c:/winavr-20070525/bin/../lib/gcc/avr/4.1.2/../../../../avr/lib/avr5/crtm32.o
__vectors                                         c:/winavr-20070525/bin/../lib/gcc/avr/4.1.2/../../../../avr/lib/avr5/crtm32.o
_div                                              c:/winavr-20070525/bin/../lib/gcc/avr/4.1.2/avr5\libgcc.a(_divmodhi4.o)
_exit                                             c:/winavr-20070525/bin/../lib/gcc/avr/4.1.2/avr5\libgcc.a(_exit.o)
acs_event_counter                                 ../../RP6lib/RP6base/RP6RobotBaseLib.o
acs_pulse                                         ../../RP6lib/RP6base/RP6RobotBaseLib.o
acs_state                                         ../../RP6lib/RP6base/RP6RobotBaseLib.o
acs_timer                                         ../../RP6lib/RP6base/RP6RobotBaseLib.o
adc0                                              ../../RP6lib/RP6base/RP6RobotBaseLib.o
                                                  RP6Base_SerialInterface_01.o
adc1                                              ../../RP6lib/RP6base/RP6RobotBaseLib.o
                                                  RP6Base_SerialInterface_01.o
adcBat                                            ../../RP6lib/RP6base/RP6RobotBaseLib.o
adcLSL                                            ../../RP6lib/RP6base/RP6RobotBaseLib.o
adcLSR                                            ../../RP6lib/RP6base/RP6RobotBaseLib.o
adcMotorCurrentLeft                               ../../RP6lib/RP6base/RP6RobotBaseLib.o
adcMotorCurrentRight                              ../../RP6lib/RP6base/RP6RobotBaseLib.o
buffer_pos                                        ../../RP6lib/RP6common/RP6uart.o
bumper_left                                       ../../RP6lib/RP6base/RP6RobotBaseLib.o
                                                  RP6Base_SerialInterface_01.o
bumper_right                                      ../../RP6lib/RP6base/RP6RobotBaseLib.o
                                                  RP6Base_SerialInterface_01.o
bumper_timer                                      ../../RP6lib/RP6base/RP6RobotBaseLib.o
bumpersStateChanged                               RP6Base_SerialInterface_01.o
bytesToReceive                                    RP6Base_SerialInterface_01.o
changeDirection                                   ../../RP6lib/RP6base/RP6RobotBaseLib.o
                                                  RP6Base_SerialInterface_01.o
compteur                                          RP6Base_SerialInterface_01.o
copyReceivedBytesToBuffer                         ../../RP6lib/RP6common/RP6uart.o
delayCycles                                       ../../RP6lib/RP6base/RP6RobotBaseLib.o
delay_timer                                       ../../RP6lib/RP6base/RP6RobotBaseLib.o
disableACS                                        ../../RP6lib/RP6base/RP6RobotBaseLib.o
disablePowerOnWarning                             ../../RP6lib/RP6base/RP6RobotBaseLib.o
distance                                          RP6Base_SerialInterface_01.o
distanceToMove_L                                  ../../RP6lib/RP6base/RP6RobotBaseLib.o
distanceToMove_R                                  ../../RP6lib/RP6base/RP6RobotBaseLib.o
drive_dir                                         ../../RP6lib/RP6base/RP6RobotBaseLib.o
emergencyShutdown                                 ../../RP6lib/RP6base/RP6RobotBaseLib.o
enableACS                                         ../../RP6lib/RP6base/RP6RobotBaseLib.o
enablePowerOnWarning                              ../../RP6lib/RP6base/RP6RobotBaseLib.o
exit                                              c:/winavr-20070525/bin/../lib/gcc/avr/4.1.2/avr5\libgcc.a(_exit.o)
                                                  c:/winavr-20070525/bin/../lib/gcc/avr/4.1.2/../../../../avr/lib/avr5/crtm32.o
extIntOFF                                         ../../RP6lib/RP6base/RP6RobotBaseLib.o
extIntON                                          ../../RP6lib/RP6base/RP6RobotBaseLib.o
getBumperLeft                                     ../../RP6lib/RP6base/RP6RobotBaseLib.o
getBumperRight                                    ../../RP6lib/RP6base/RP6RobotBaseLib.o
initRobotBase                                     ../../RP6lib/RP6base/RP6RobotBaseLib.o
                                                  RP6Base_SerialInterface_01.o
ircomm_data                                       ../../RP6lib/RP6base/RP6RobotBaseLib.o
ircomm_data_tmp                                   ../../RP6lib/RP6base/RP6RobotBaseLib.o
ircomm_send                                       ../../RP6lib/RP6base/RP6RobotBaseLib.o
isMovementComplete                                ../../RP6lib/RP6base/RP6RobotBaseLib.o
itoa                                              c:/winavr-20070525/bin/../lib/gcc/avr/4.1.2/../../../../avr/lib/avr5\libc.a(itoa.o)
                                                  ../../RP6lib/RP6common/RP6uart.o
leds_on                                           ../../RP6lib/RP6base/RP6RobotBaseLib.o
left_i                                            ../../RP6lib/RP6base/RP6RobotBaseLib.o
mSleep                                            ../../RP6lib/RP6base/RP6RobotBaseLib.o
                                                  RP6Base_SerialInterface_01.o
main                                              RP6Base_SerialInterface_01.o
                                                  c:/winavr-20070525/bin/../lib/gcc/avr/4.1.2/../../../../avr/lib/avr5/crtm32.o
mleft_counter                                     ../../RP6lib/RP6base/RP6RobotBaseLib.o
mleft_des_dir                                     ../../RP6lib/RP6base/RP6RobotBaseLib.o
mleft_des_speed                                   ../../RP6lib/RP6base/RP6RobotBaseLib.o
mleft_des_speed_tmp                               ../../RP6lib/RP6base/RP6RobotBaseLib.o
mleft_dir                                         ../../RP6lib/RP6base/RP6RobotBaseLib.o
mleft_dist                                        ../../RP6lib/RP6base/RP6RobotBaseLib.o
mleft_power                                       ../../RP6lib/RP6base/RP6RobotBaseLib.o
mleft_ptmp                                        ../../RP6lib/RP6base/RP6RobotBaseLib.o
mleft_speed                                       ../../RP6lib/RP6base/RP6RobotBaseLib.o
motion_status                                     ../../RP6lib/RP6base/RP6RobotBaseLib.o
                                                  RP6Base_SerialInterface_01.o
motion_status_tmp                                 ../../RP6lib/RP6base/RP6RobotBaseLib.o
motor_control                                     ../../RP6lib/RP6base/RP6RobotBaseLib.o
move                                              ../../RP6lib/RP6base/RP6RobotBaseLib.o
moveAtSpeed                                       ../../RP6lib/RP6base/RP6RobotBaseLib.o
                                                  RP6Base_SerialInterface_01.o
mright_counter                                    ../../RP6lib/RP6base/RP6RobotBaseLib.o
mright_des_dir                                    ../../RP6lib/RP6base/RP6RobotBaseLib.o
mright_des_speed                                  ../../RP6lib/RP6base/RP6RobotBaseLib.o
mright_des_speed_tmp                              ../../RP6lib/RP6base/RP6RobotBaseLib.o
mright_dir                                        ../../RP6lib/RP6base/RP6RobotBaseLib.o
mright_dist                                       ../../RP6lib/RP6base/RP6RobotBaseLib.o
mright_power                                      ../../RP6lib/RP6base/RP6RobotBaseLib.o
mright_ptmp                                       ../../RP6lib/RP6base/RP6RobotBaseLib.o
mright_speed                                      ../../RP6lib/RP6base/RP6RobotBaseLib.o
ms_timer                                          ../../RP6lib/RP6base/RP6RobotBaseLib.o
obstacle_left                                     ../../RP6lib/RP6base/RP6RobotBaseLib.o
obstacle_right                                    ../../RP6lib/RP6base/RP6RobotBaseLib.o
overcurrent_error_clear                           ../../RP6lib/RP6base/RP6RobotBaseLib.o
overcurrent_errors                                ../../RP6lib/RP6base/RP6RobotBaseLib.o
overcurrent_timeout                               ../../RP6lib/RP6base/RP6RobotBaseLib.o
overcurrent_timer                                 ../../RP6lib/RP6base/RP6RobotBaseLib.o
powerOFF                                          ../../RP6lib/RP6base/RP6RobotBaseLib.o
powerON                                           ../../RP6lib/RP6base/RP6RobotBaseLib.o
                                                  RP6Base_SerialInterface_01.o
preDecelerate_L                                   ../../RP6lib/RP6base/RP6RobotBaseLib.o
preDecelerate_R                                   ../../RP6lib/RP6base/RP6RobotBaseLib.o
preStop_L                                         ../../RP6lib/RP6base/RP6RobotBaseLib.o
preStop_R                                         ../../RP6lib/RP6base/RP6RobotBaseLib.o
readADC                                           ../../RP6lib/RP6base/RP6RobotBaseLib.o
                                                  RP6Base_SerialInterface_01.o
receiveBuffer                                     RP6Base_SerialInterface_01.o
receiveBytes                                      ../../RP6lib/RP6common/RP6uart.o
receiveBytesToBuffer                              ../../RP6lib/RP6common/RP6uart.o
right_i                                           ../../RP6lib/RP6base/RP6RobotBaseLib.o
rotate                                            ../../RP6lib/RP6base/RP6RobotBaseLib.o
setACSPwrHigh                                     ../../RP6lib/RP6base/RP6RobotBaseLib.o
setACSPwrLow                                      ../../RP6lib/RP6base/RP6RobotBaseLib.o
setACSPwrMed                                      ../../RP6lib/RP6base/RP6RobotBaseLib.o
setACSPwrOff                                      ../../RP6lib/RP6base/RP6RobotBaseLib.o
setLEDs                                           ../../RP6lib/RP6base/RP6RobotBaseLib.o
                                                  RP6Base_SerialInterface_01.o
setMotorDir                                       ../../RP6lib/RP6base/RP6RobotBaseLib.o
setMotorPower                                     ../../RP6lib/RP6base/RP6RobotBaseLib.o
sleep                                             ../../RP6lib/RP6base/RP6RobotBaseLib.o
speed_adjust_timer                                ../../RP6lib/RP6base/RP6RobotBaseLib.o
speed_timer                                       ../../RP6lib/RP6base/RP6RobotBaseLib.o
startADC                                          ../../RP6lib/RP6base/RP6RobotBaseLib.o
statusLEDs                                        ../../RP6lib/RP6base/RP6RobotBaseLib.o
                                                  RP6Base_SerialInterface_01.o
stop                                              ../../RP6lib/RP6base/RP6RobotBaseLib.o
stopReception                                     ../../RP6lib/RP6common/RP6uart.o
stopwatches                                       ../../RP6lib/RP6base/RP6RobotBaseLib.o
                                                  RP6Base_SerialInterface_01.o
strrev                                            c:/winavr-20070525/bin/../lib/gcc/avr/4.1.2/../../../../avr/lib/avr5\libc.a(strrev.o)
                                                  c:/winavr-20070525/bin/../lib/gcc/avr/4.1.2/../../../../avr/lib/avr5\libc.a(itoa.o)
sysStatACS                                        ../../RP6lib/RP6base/RP6RobotBaseLib.o
task_ACS                                          ../../RP6lib/RP6base/RP6RobotBaseLib.o
task_ADC                                          ../../RP6lib/RP6base/RP6RobotBaseLib.o
task_Bumpers                                      ../../RP6lib/RP6base/RP6RobotBaseLib.o
task_RP6System                                    ../../RP6lib/RP6base/RP6RobotBaseLib.o
                                                  RP6Base_SerialInterface_01.o
task_motionControl                                ../../RP6lib/RP6base/RP6RobotBaseLib.o
uart_receive_buffer                               ../../RP6lib/RP6common/RP6uart.o
uart_receive_bytes                                ../../RP6lib/RP6common/RP6uart.o
uart_status                                       ../../RP6lib/RP6common/RP6uart.o
updateStatusLEDs                                  ../../RP6lib/RP6base/RP6RobotBaseLib.o
var                                               RP6Base_SerialInterface_01.o
waitUntilReceptionComplete                        ../../RP6lib/RP6common/RP6uart.o
writeChar                                         ../../RP6lib/RP6common/RP6uart.o
writeInteger                                      ../../RP6lib/RP6common/RP6uart.o
                                                  RP6Base_SerialInterface_01.o
writeIntegerLength                                ../../RP6lib/RP6common/RP6uart.o
writeNStringP                                     ../../RP6lib/RP6common/RP6uart.o
                                                  ../../RP6lib/RP6base/RP6RobotBaseLib.o
                                                  RP6Base_SerialInterface_01.o
writeString                                       ../../RP6lib/RP6common/RP6uart.o
writeStringLength                                 ../../RP6lib/RP6common/RP6uart.o
